12:52:49 **** Auto Build of configuration Debug for project testing2 ****
make pre-build main-build 
a9-linaro-pre-build-step
' '
'Building file: ../src/testing.c'
'Invoking: ARM v7 gcc compiler'
arm-none-eabi-gcc -Wall -O0 -g3 -c -fmessage-length=0 -MT"src/testing.o" -mcpu=cortex-a9 -mfpu=vfpv3 -mfloat-abi=hard -I../../testing2_bsp/ps7_cortexa9_0/include -MMD -MP -MF"src/testing.d" -MT"src/testing.o" -o "src/testing.o" "../src/testing.c"
'Finished building: ../src/testing.c'
' '
'Building target: testing2.elf'
'Invoking: ARM v7 gcc linker'
arm-none-eabi-gcc -mcpu=cortex-a9 -mfpu=vfpv3 -mfloat-abi=hard -Wl,-build-id=none -specs=Xilinx.spec -Wl,-T -Wl,../src/lscript.ld -L../../testing2_bsp/ps7_cortexa9_0/lib -o "testing2.elf"  ./src/examplecdma.o ./src/helloworld.o ./src/platform.o ./src/testing.o   -Wl,--start-group,-lxil,-lgcc,-lc,--end-group
'Finished building target: testing2.elf'
' '
'Invoking: ARM v7 Print Size'
arm-none-eabi-size testing2.elf  |tee "testing2.elf.size"
   text	   data	    bss	    dec	    hex	filename
  82040	   2608	  24256	 108904	  1a968	testing2.elf
'Finished building: testing2.elf.size'
' '

12:52:50 Build Finished (took 1s.349ms)

