#-----------------------------------------------------------
# Vivado v2018.2 (64-bit)
# SW Build 2258646 on Thu Jun 14 20:03:12 MDT 2018
# IP Build 2256618 on Thu Jun 14 22:10:49 MDT 2018
# Start of session at: Sat Nov 10 21:07:33 2018
# Process ID: 19092
# Current directory: C:/Users/TaySm/OneDrive/Documents/GitHub/Senior-Project-Vivado/driver_module/driver_module.runs/driver_block_design_xlconstant_0_0_synth_1
# Command line: vivado.exe -log driver_block_design_xlconstant_0_0.vds -product Vivado -mode batch -messageDb vivado.pb -notrace -source driver_block_design_xlconstant_0_0.tcl
# Log file: C:/Users/TaySm/OneDrive/Documents/GitHub/Senior-Project-Vivado/driver_module/driver_module.runs/driver_block_design_xlconstant_0_0_synth_1/driver_block_design_xlconstant_0_0.vds
# Journal file: C:/Users/TaySm/OneDrive/Documents/GitHub/Senior-Project-Vivado/driver_module/driver_module.runs/driver_block_design_xlconstant_0_0_synth_1\vivado.jou
#-----------------------------------------------------------
source driver_block_design_xlconstant_0_0.tcl -notrace
